#-----------------------------------------------------------
# Vivado v2022.1 (64-bit)
# SW Build 3526262 on Mon Apr 18 15:47:01 MDT 2022
# IP Build 3524634 on Mon Apr 18 20:55:01 MDT 2022
# Start of session at: Sun Jun  5 19:34:25 2022
# Process ID: 514274
# Current directory: /home/christophlehr/TUWien/studium/es_fpga/VU_ES_FPGA/Zynq/vivado_workspace/Task_2/Task_2.runs/impl_1
# Command line: vivado -log Task_2_design_wrapper.vdi -applog -product Vivado -messageDb vivado.pb -mode batch -source Task_2_design_wrapper.tcl -notrace
# Log file: /home/christophlehr/TUWien/studium/es_fpga/VU_ES_FPGA/Zynq/vivado_workspace/Task_2/Task_2.runs/impl_1/Task_2_design_wrapper.vdi
# Journal file: /home/christophlehr/TUWien/studium/es_fpga/VU_ES_FPGA/Zynq/vivado_workspace/Task_2/Task_2.runs/impl_1/vivado.jou
# Running On: fedora, OS: Linux, CPU Frequency: 3800.000 MHz, CPU Physical cores: 16, Host memory: 33643 MB
#-----------------------------------------------------------
source Task_2_design_wrapper.tcl -notrace
